Archive member included to satisfy reference by file (symbol)

/usr/lib/x86_64-linux-gnu/libc_nonshared.a(elf-init.oS)
                              /usr/lib/gcc/x86_64-linux-gnu/9/../../../x86_64-linux-gnu/Scrt1.o (__libc_csu_init)

Merging program properties


As-needed library included to satisfy reference by file (symbol)

libc.so.6                     /tmp/ccmOYMcm.o (malloc@@GLIBC_2.2.5)

Discarded input sections

 .note.gnu.property
                0x0000000000000000       0x20 /usr/lib/gcc/x86_64-linux-gnu/9/../../../x86_64-linux-gnu/crti.o
 .note.gnu.property
                0x0000000000000000       0x20 /usr/lib/gcc/x86_64-linux-gnu/9/crtbeginS.o
 .note.gnu.property
                0x0000000000000000       0x20 /tmp/ccmOYMcm.o
 .note.gnu.property
                0x0000000000000000       0x20 /tmp/ccHC6phi.o
 .note.gnu.property
                0x0000000000000000       0x20 /usr/lib/x86_64-linux-gnu/libc_nonshared.a(elf-init.oS)
 .note.gnu.property
                0x0000000000000000       0x20 /usr/lib/gcc/x86_64-linux-gnu/9/crtendS.o
 .note.gnu.property
                0x0000000000000000       0x20 /usr/lib/gcc/x86_64-linux-gnu/9/../../../x86_64-linux-gnu/crtn.o

Memory Configuration

Name             Origin             Length             Attributes
MAIN_FLASH       0x0000000000000000 0x0000000000040000 xr
INFO_FLASH       0x0000000000200000 0x0000000000004000 xr
SRAM_CODE        0x0000000001000000 0x0000000000010000 xrw
SRAM_DATA        0x0000000020000000 0x0000000000010000 rw
*default*        0x0000000000000000 0xffffffffffffffff

Linker script and memory map

LOAD /usr/lib/gcc/x86_64-linux-gnu/9/../../../x86_64-linux-gnu/Scrt1.o
LOAD /usr/lib/gcc/x86_64-linux-gnu/9/../../../x86_64-linux-gnu/crti.o
LOAD /usr/lib/gcc/x86_64-linux-gnu/9/crtbeginS.o
LOAD /tmp/ccmOYMcm.o
LOAD /tmp/ccHC6phi.o
LOAD /usr/lib/gcc/x86_64-linux-gnu/9/libgcc.a
LOAD /usr/lib/gcc/x86_64-linux-gnu/9/libgcc_s.so
START GROUP
LOAD /usr/lib/gcc/x86_64-linux-gnu/9/../../../x86_64-linux-gnu/libgcc_s.so.1
LOAD /usr/lib/gcc/x86_64-linux-gnu/9/libgcc.a
END GROUP
LOAD /usr/lib/gcc/x86_64-linux-gnu/9/../../../x86_64-linux-gnu/libc.so
START GROUP
LOAD /lib/x86_64-linux-gnu/libc.so.6
LOAD /usr/lib/x86_64-linux-gnu/libc_nonshared.a
LOAD /lib/x86_64-linux-gnu/ld-linux-x86-64.so.2
END GROUP
LOAD /usr/lib/gcc/x86_64-linux-gnu/9/libgcc.a
LOAD /usr/lib/gcc/x86_64-linux-gnu/9/libgcc_s.so
START GROUP
LOAD /usr/lib/gcc/x86_64-linux-gnu/9/../../../x86_64-linux-gnu/libgcc_s.so.1
LOAD /usr/lib/gcc/x86_64-linux-gnu/9/libgcc.a
END GROUP
LOAD /usr/lib/gcc/x86_64-linux-gnu/9/crtendS.o
LOAD /usr/lib/gcc/x86_64-linux-gnu/9/../../../x86_64-linux-gnu/crtn.o
                0x0000000000000000                PROVIDE (_intvecs_base_address = DEFINED (_intvecs_base_address)?_intvecs_base_address:0x0)

.intvecs
 *(.intvecs)
                0x0000000000200000                PROVIDE (_mailbox_base_address = 0x200000)

.flashMailbox
 *(.flashMailbox)
                0x0000000000201000                PROVIDE (_tlv_base_address = 0x201000)

.tlvTable
 *(.tlvTable)
                0x0000000000202000                PROVIDE (_bsl_base_address = 0x202000)

.bslArea
 *(.bslArea)
                0x0000000020000000                PROVIDE (_vtable_base_address = DEFINED (_vtable_base_address)?_vtable_base_address:0x20000000)

.vtable
 *(.vtable)

.text           0x0000000000000000      0x2b5
 CREATE_OBJECT_SYMBOLS
 *(.text)
 .text          0x0000000000000000       0x2f /usr/lib/gcc/x86_64-linux-gnu/9/../../../x86_64-linux-gnu/Scrt1.o
                0x0000000000000000                _start
 .text          0x000000000000002f        0x0 /usr/lib/gcc/x86_64-linux-gnu/9/../../../x86_64-linux-gnu/crti.o
 *fill*         0x000000000000002f        0x1 
 .text          0x0000000000000030       0xb9 /usr/lib/gcc/x86_64-linux-gnu/9/crtbeginS.o
 .text          0x00000000000000e9       0x77 /tmp/ccmOYMcm.o
                0x00000000000000e9                main
 .text          0x0000000000000160       0x9b /tmp/ccHC6phi.o
                0x0000000000000160                func
 *fill*         0x00000000000001fb        0x5 
 .text          0x0000000000000200       0x75 /usr/lib/x86_64-linux-gnu/libc_nonshared.a(elf-init.oS)
                0x0000000000000200                __libc_csu_init
                0x0000000000000270                __libc_csu_fini
 .text          0x0000000000000275        0x0 /usr/lib/gcc/x86_64-linux-gnu/9/crtendS.o
 .text          0x0000000000000275        0x0 /usr/lib/gcc/x86_64-linux-gnu/9/../../../x86_64-linux-gnu/crtn.o
 *(.text.*)
                0x0000000000000278                . = ALIGN (0x4)
 *fill*         0x0000000000000275        0x3 
 *(.ctors)
                0x0000000000000278                . = ALIGN (0x4)
 *(.dtors)
                0x0000000000000278                . = ALIGN (0x4)
                0x0000000000000278                __init_array_start = .
 *(.init_array*)
 .init_array    0x0000000000000278        0x8 /usr/lib/gcc/x86_64-linux-gnu/9/crtbeginS.o
                0x0000000000000280                __init_array_end = .
 *(.init)
 .init          0x0000000000000280       0x16 /usr/lib/gcc/x86_64-linux-gnu/9/../../../x86_64-linux-gnu/crti.o
                0x0000000000000280                _init
 .init          0x0000000000000296        0x5 /usr/lib/gcc/x86_64-linux-gnu/9/../../../x86_64-linux-gnu/crtn.o
 *(.fini*)
 *fill*         0x000000000000029b        0x1 
 .fini          0x000000000000029c        0x8 /usr/lib/gcc/x86_64-linux-gnu/9/../../../x86_64-linux-gnu/crti.o
                0x000000000000029c                _fini
 *fill*         0x00000000000002a4        0x4 
 .fini_array    0x00000000000002a8        0x8 /usr/lib/gcc/x86_64-linux-gnu/9/crtbeginS.o
 .fini          0x00000000000002b0        0x5 /usr/lib/gcc/x86_64-linux-gnu/9/../../../x86_64-linux-gnu/crtn.o

.plt            0x00000000000002c0       0x20
 .plt           0x00000000000002c0       0x20 /usr/lib/gcc/x86_64-linux-gnu/9/../../../x86_64-linux-gnu/Scrt1.o

.plt.got        0x00000000000002e0       0x10
 .plt.got       0x00000000000002e0       0x10 /usr/lib/gcc/x86_64-linux-gnu/9/../../../x86_64-linux-gnu/Scrt1.o
                0x00000000000002e0                __cxa_finalize@@GLIBC_2.2.5

.plt.sec        0x00000000000002f0       0x10
 .plt.sec       0x00000000000002f0       0x10 /usr/lib/gcc/x86_64-linux-gnu/9/../../../x86_64-linux-gnu/Scrt1.o
                0x00000000000002f0                malloc@@GLIBC_2.2.5

.rodata         0x0000000000000300       0x18
 *(.rodata)
 .rodata        0x0000000000000300        0x4 /tmp/ccmOYMcm.o
                0x0000000000000300                g2
 .rodata        0x0000000000000304        0xe /tmp/ccHC6phi.o
 *(.rodata.*)
 *fill*         0x0000000000000312        0x2 
 .rodata.cst4   0x0000000000000314        0x4 /usr/lib/gcc/x86_64-linux-gnu/9/../../../x86_64-linux-gnu/Scrt1.o
                0x0000000000000314                _IO_stdin_used

.note.gnu.property
                0x0000000000000318       0x20
 .note.gnu.property
                0x0000000000000318       0x20 /usr/lib/gcc/x86_64-linux-gnu/9/../../../x86_64-linux-gnu/Scrt1.o

.note.ABI-tag   0x0000000000000338       0x20
 .note.ABI-tag  0x0000000000000338       0x20 /usr/lib/gcc/x86_64-linux-gnu/9/../../../x86_64-linux-gnu/Scrt1.o

.note.gnu.build-id
                0x0000000000000358       0x24
 .note.gnu.build-id
                0x0000000000000358       0x24 /usr/lib/gcc/x86_64-linux-gnu/9/../../../x86_64-linux-gnu/Scrt1.o

.eh_frame       0x0000000000000380       0xd8
 .eh_frame      0x0000000000000380       0x30 /usr/lib/gcc/x86_64-linux-gnu/9/../../../x86_64-linux-gnu/Scrt1.o
                                         0x2c (size before relaxing)
 *fill*         0x00000000000003b0        0x0 
 .eh_frame      0x00000000000003b0       0x28 /tmp/ccmOYMcm.o
                                         0x40 (size before relaxing)
 .eh_frame      0x00000000000003d8       0x20 /tmp/ccHC6phi.o
                                         0x38 (size before relaxing)
 .eh_frame      0x00000000000003f8       0x5c /usr/lib/x86_64-linux-gnu/libc_nonshared.a(elf-init.oS)
                                         0x78 (size before relaxing)
 .eh_frame      0x0000000000000454        0x4 /usr/lib/gcc/x86_64-linux-gnu/9/crtendS.o

.interp         0x0000000000000458       0x1c
 .interp        0x0000000000000458       0x1c /usr/lib/gcc/x86_64-linux-gnu/9/../../../x86_64-linux-gnu/Scrt1.o

.gnu.version_d  0x0000000000000478        0x0
 .gnu.version_d
                0x0000000000000478        0x0 /usr/lib/gcc/x86_64-linux-gnu/9/../../../x86_64-linux-gnu/Scrt1.o

.gnu.version    0x0000000000000474        0xe
 .gnu.version   0x0000000000000474        0xe /usr/lib/gcc/x86_64-linux-gnu/9/../../../x86_64-linux-gnu/Scrt1.o

.gnu.version_r  0x0000000000000488       0x20
 .gnu.version_r
                0x0000000000000488       0x20 /usr/lib/gcc/x86_64-linux-gnu/9/../../../x86_64-linux-gnu/Scrt1.o

.dynsym         0x00000000000004a8       0xa8
 .dynsym        0x00000000000004a8       0xa8 /usr/lib/gcc/x86_64-linux-gnu/9/../../../x86_64-linux-gnu/Scrt1.o

.dynstr         0x0000000000000550       0x84
 .dynstr        0x0000000000000550       0x84 /usr/lib/gcc/x86_64-linux-gnu/9/../../../x86_64-linux-gnu/Scrt1.o

.gnu.hash       0x00000000000005d8       0x24
 .gnu.hash      0x00000000000005d8       0x24 /usr/lib/gcc/x86_64-linux-gnu/9/../../../x86_64-linux-gnu/Scrt1.o

.eh_frame       0x0000000000000600       0xa0
 .eh_frame      0x0000000000000600       0x40 /usr/lib/gcc/x86_64-linux-gnu/9/../../../x86_64-linux-gnu/Scrt1.o
 .eh_frame      0x0000000000000640       0x30 /usr/lib/gcc/x86_64-linux-gnu/9/../../../x86_64-linux-gnu/Scrt1.o
 .eh_frame      0x0000000000000670       0x30 /usr/lib/gcc/x86_64-linux-gnu/9/../../../x86_64-linux-gnu/Scrt1.o

.eh_frame_hdr   0x00000000000006a0       0x34
 .eh_frame_hdr  0x00000000000006a0       0x34 /usr/lib/gcc/x86_64-linux-gnu/9/../../../x86_64-linux-gnu/Scrt1.o
                0x00000000000006a0                __GNU_EH_FRAME_HDR

.rela.dyn       0x00000000000006d8       0xd8
 .rela.plt      0x0000000000000798       0x18 /usr/lib/gcc/x86_64-linux-gnu/9/../../../x86_64-linux-gnu/Scrt1.o
 .rela.got      0x00000000000006d8       0x78 /usr/lib/gcc/x86_64-linux-gnu/9/../../../x86_64-linux-gnu/Scrt1.o
 .rela.bss      0x0000000000000768        0x0 /usr/lib/gcc/x86_64-linux-gnu/9/../../../x86_64-linux-gnu/Scrt1.o
 .rela.data.rel.ro
                0x0000000000000768        0x0 /usr/lib/gcc/x86_64-linux-gnu/9/../../../x86_64-linux-gnu/Scrt1.o
 .rela.ifunc    0x0000000000000768        0x0 /usr/lib/gcc/x86_64-linux-gnu/9/../../../x86_64-linux-gnu/Scrt1.o
 .rela.data.rel.local
                0x0000000000000750       0x18 /usr/lib/gcc/x86_64-linux-gnu/9/../../../x86_64-linux-gnu/Scrt1.o
 .rela.fini_array
                0x0000000000000768       0x18 /usr/lib/gcc/x86_64-linux-gnu/9/../../../x86_64-linux-gnu/Scrt1.o
 .rela.init_array
                0x0000000000000780       0x18 /usr/lib/gcc/x86_64-linux-gnu/9/../../../x86_64-linux-gnu/Scrt1.o
 .rela.text     0x00000000000007b0        0x0 /usr/lib/gcc/x86_64-linux-gnu/9/../../../x86_64-linux-gnu/Scrt1.o

.ARM.exidx      0x00000000000007b0        0x0
                0x00000000000007b0                __exidx_start = .
 *(.ARM.exidx* .gnu.linkonce.armexidx.*)
                0x00000000000007b0                __exidx_end = .

.ARM.extab
 *(.ARM.extab* .gnu.linkonce.armextab.*)
                0x00000000000007b0                __etext = .

.data           0x0000000020000000       0x50 load address 0x00000000000007b0
                0x00000000000007b0                __data_load__ = LOADADDR (.data)
                0x0000000020000000                __data_start__ = .
 *(.data)
 .data          0x0000000020000000        0x4 /usr/lib/gcc/x86_64-linux-gnu/9/../../../x86_64-linux-gnu/Scrt1.o
                0x0000000020000000                data_start
                0x0000000020000000                __data_start
 .data          0x0000000020000004        0x0 /usr/lib/gcc/x86_64-linux-gnu/9/../../../x86_64-linux-gnu/crti.o
 .data          0x0000000020000004        0x0 /usr/lib/gcc/x86_64-linux-gnu/9/crtbeginS.o
 .data          0x0000000020000004        0x1 /tmp/ccmOYMcm.o
                0x0000000020000004                g3
 *fill*         0x0000000020000005       0x1b 
 .data          0x0000000020000020       0x28 /tmp/ccHC6phi.o
                0x0000000020000020                g5
 .data          0x0000000020000048        0x0 /usr/lib/x86_64-linux-gnu/libc_nonshared.a(elf-init.oS)
 .data          0x0000000020000048        0x0 /usr/lib/gcc/x86_64-linux-gnu/9/crtendS.o
 .data          0x0000000020000048        0x0 /usr/lib/gcc/x86_64-linux-gnu/9/../../../x86_64-linux-gnu/crtn.o
 *(.data*)
 .data.rel.ro   0x0000000020000048        0x0 /usr/lib/gcc/x86_64-linux-gnu/9/../../../x86_64-linux-gnu/Scrt1.o
 .data.rel.local
                0x0000000020000048        0x8 /usr/lib/gcc/x86_64-linux-gnu/9/crtbeginS.o
                0x0000000020000048                __dso_handle
                0x0000000020000050                . = ALIGN (0x4)
                0x0000000020000050                __data_end__ = .

.dynamic        0x0000000020000050      0x1c0 load address 0x0000000000000800
 .dynamic       0x0000000020000050      0x1c0 /usr/lib/gcc/x86_64-linux-gnu/9/../../../x86_64-linux-gnu/Scrt1.o
                0x0000000020000050                _DYNAMIC

.got            0x0000000020000210       0x28 load address 0x00000000000009c0
 .got           0x0000000020000210       0x28 /usr/lib/gcc/x86_64-linux-gnu/9/../../../x86_64-linux-gnu/Scrt1.o

.got.plt        0x0000000020000238       0x20 load address 0x00000000000009e8
 .got.plt       0x0000000020000238       0x20 /usr/lib/gcc/x86_64-linux-gnu/9/../../../x86_64-linux-gnu/Scrt1.o
                0x0000000020000238                _GLOBAL_OFFSET_TABLE_

.tm_clone_table
                0x0000000020000258        0x0 load address 0x0000000000000a08
 .tm_clone_table
                0x0000000020000258        0x0 /usr/lib/gcc/x86_64-linux-gnu/9/crtbeginS.o
 .tm_clone_table
                0x0000000020000258        0x0 /usr/lib/gcc/x86_64-linux-gnu/9/crtendS.o

.bss            0x0000000020000258       0x10
                0x0000000020000258                __bss_start__ = .
 *(.shbss)
 *(.bss)
 .bss           0x0000000020000258        0x0 /usr/lib/gcc/x86_64-linux-gnu/9/../../../x86_64-linux-gnu/Scrt1.o
 .bss           0x0000000020000258        0x0 /usr/lib/gcc/x86_64-linux-gnu/9/../../../x86_64-linux-gnu/crti.o
 .bss           0x0000000020000258        0x1 /usr/lib/gcc/x86_64-linux-gnu/9/crtbeginS.o
 *fill*         0x0000000020000259        0x3 
 .bss           0x000000002000025c        0x8 /tmp/ccmOYMcm.o
                0x000000002000025c                g4
 .bss           0x0000000020000264        0x4 /tmp/ccHC6phi.o
 .bss           0x0000000020000268        0x0 /usr/lib/x86_64-linux-gnu/libc_nonshared.a(elf-init.oS)
 .bss           0x0000000020000268        0x0 /usr/lib/gcc/x86_64-linux-gnu/9/crtendS.o
 .bss           0x0000000020000268        0x0 /usr/lib/gcc/x86_64-linux-gnu/9/../../../x86_64-linux-gnu/crtn.o
 *(.bss.*)
 *(COMMON)
                0x0000000020000268                . = ALIGN (0x4)
                0x0000000020000268                __bss_end__ = .

.dynbss         0x0000000020000268        0x0
 .dynbss        0x0000000020000268        0x0 /usr/lib/gcc/x86_64-linux-gnu/9/../../../x86_64-linux-gnu/Scrt1.o

.heap           0x0000000020000268        0x0
                0x0000000020000268                __heap_start__ = .
                0x0000000020000268                end = __heap_start__
                0x0000000020000268                _end = end
                0x0000000020000268                __end = end
 *(.heap)
                0x0000000020000268                __heap_end__ = .
                0x0000000020000268                __HeapLimit = __heap_end__

.stack          0x0000000020000268        0x0
                0x0000000020000268                _stack = .
                0x0000000020000268                __stack = .
 *(.stack)
OUTPUT(c1m3.out elf64-x86-64)

.note.GNU-stack
                0x0000000000000000        0x0
 .note.GNU-stack
                0x0000000000000000        0x0 /usr/lib/gcc/x86_64-linux-gnu/9/../../../x86_64-linux-gnu/Scrt1.o
 .note.GNU-stack
                0x0000000000000000        0x0 /usr/lib/gcc/x86_64-linux-gnu/9/../../../x86_64-linux-gnu/crti.o
 .note.GNU-stack
                0x0000000000000000        0x0 /usr/lib/gcc/x86_64-linux-gnu/9/crtbeginS.o
 .note.GNU-stack
                0x0000000000000000        0x0 /tmp/ccmOYMcm.o
 .note.GNU-stack
                0x0000000000000000        0x0 /tmp/ccHC6phi.o
 .note.GNU-stack
                0x0000000000000000        0x0 /usr/lib/x86_64-linux-gnu/libc_nonshared.a(elf-init.oS)
 .note.GNU-stack
                0x0000000000000000        0x0 /usr/lib/gcc/x86_64-linux-gnu/9/crtendS.o
 .note.GNU-stack
                0x0000000000000000        0x0 /usr/lib/gcc/x86_64-linux-gnu/9/../../../x86_64-linux-gnu/crtn.o

.comment        0x0000000000000000       0x2b
 .comment       0x0000000000000000       0x2b /usr/lib/gcc/x86_64-linux-gnu/9/crtbeginS.o
                                         0x2c (size before relaxing)
 .comment       0x000000000000002b       0x2c /tmp/ccmOYMcm.o
 .comment       0x000000000000002b       0x2c /tmp/ccHC6phi.o
 .comment       0x000000000000002b       0x2c /usr/lib/gcc/x86_64-linux-gnu/9/crtendS.o

.debug_info     0x0000000000000000      0x221
 .debug_info    0x0000000000000000      0x13f /tmp/ccmOYMcm.o
 .debug_info    0x000000000000013f       0xe2 /tmp/ccHC6phi.o

.debug_abbrev   0x0000000000000000      0x145
 .debug_abbrev  0x0000000000000000       0xa6 /tmp/ccmOYMcm.o
 .debug_abbrev  0x00000000000000a6       0x9f /tmp/ccHC6phi.o

.debug_aranges  0x0000000000000000       0x60
 .debug_aranges
                0x0000000000000000       0x30 /tmp/ccmOYMcm.o
 .debug_aranges
                0x0000000000000030       0x30 /tmp/ccHC6phi.o

.debug_line     0x0000000000000000       0xf6
 .debug_line    0x0000000000000000       0x7a /tmp/ccmOYMcm.o
 .debug_line    0x000000000000007a       0x7c /tmp/ccHC6phi.o

.debug_str      0x0000000000000000      0x11b
 .debug_str     0x0000000000000000      0x10f /tmp/ccmOYMcm.o
                                        0x136 (size before relaxing)
 .debug_str     0x000000000000010f        0xc /tmp/ccHC6phi.o
                                         0xe8 (size before relaxing)
